// Jest Snapshot v1, https://goo.gl/fbAQLP

exports[`Pruebas en <AppRouter /> debe de mostrarse correctamente 1`] = `
<div>
  <nav
    className="navbar navbar-expand-lg navbar-dark bg-dark"
  >
    <div
      className="container-fluid"
    >
      <a
        className="navbar-brand"
        href="/"
        onClick={[Function]}
      >
        UseContext
      </a>
      <button
        aria-controls="navbarNav"
        aria-expanded="false"
        aria-label="Toggle navigation"
        className="navbar-toggler"
        data-bs-target="#navbarNav"
        data-bs-toggle="collapse"
        type="button"
      >
        <span
          className="navbar-toggler-icon"
        />
      </button>
      <div
        className="collapse navbar-collapse"
        id="navbarNav"
      >
        <ul
          className="navbar-nav"
        >
          <a
            activeclassname="active"
            aria-current="page"
            className="nav-item nav-link active"
            href="/"
            onClick={[Function]}
          >
            Home
          </a>
          <a
            activeclassname="active"
            className=" nav-item nav-link"
            href="/about"
            onClick={[Function]}
          >
            About
          </a>
          <a
            activeclassname="active"
            className=" nav-item nav-link"
            href="/login"
            onClick={[Function]}
          >
            Login
          </a>
        </ul>
      </div>
    </div>
  </nav>
  <div>
    <h1>
      HomeScreen
    </h1>
    <hr />
    <pre
      className="container"
    >
      {
   "id": 1,
   "name": "Fernando"
}
    </pre>
  </div>
</div>
`;
